
> carzone@0.1.0 build
> next build

   Γû▓ Next.js 15.0.3
   - Environments: .env.local

   Creating an optimized production build ...
node.exe : Failed to 
compile.
At line:1 char:1
+ & "C:\Program 
Files\nodejs/node.exe" 
"C:\Program 
Files\nodejs/node_mo 
...
+ ~~~~~~~~~~~~~~~~~~~~~
~~~~~~~~~~~~~~~~~~~~~~~
~~~~~~~~~~~~~~~~~~~~~~~
~~
    + CategoryInfo     
         : NotSpecifi  
  ed: (Failed to com   
 pile.:String) [],     
RemoteException
    + FullyQualifiedEr 
   rorId : NativeComm  
  andError
 

src\app\layout.tsx
An error occurred in 
`next/font`.

Error: Cannot find 
module 'autoprefixer'
Require stack:
- D:\System\CZ 2\node_m
odules\next\dist\build\
webpack\config\blocks\c
ss\plugins.js
- D:\System\CZ 2\node_m
odules\next\dist\build\
webpack\config\blocks\c
ss\index.js
- D:\System\CZ 2\node_m
odules\next\dist\build\
webpack\config\index.js
- D:\System\CZ 2\node_m
odules\next\dist\build\
webpack-config.js
- D:\System\CZ 2\node_m
odules\next\dist\build\
webpack-build\impl.js
- D:\System\CZ 2\node_m
odules\next\dist\compil
ed\jest-worker\processC
hild.js
    at 
Module.<anonymous> (nod
e:internal/modules/cjs/
loader:1421:15)
    at D:\System\CZ 2\n
ode_modules\next\dist\s
erver\require-hook.js:5
5:36
    at require.resolve 
(node:internal/modules/
helpers:163:19)
    at loadPlugin 
(D:\System\CZ 2\node_mo
dules\next\dist\build\w
ebpack\config\blocks\cs
s\plugins.js:49:32)
    at D:\System\CZ 2\n
ode_modules\next\dist\b
uild\webpack\config\blo
cks\css\plugins.js:157:
56
    at Array.map 
(<anonymous>)
    at 
getPostCssPlugins 
(D:\System\CZ 2\node_mo
dules\next\dist\build\w
ebpack\config\blocks\cs
s\plugins.js:157:47)
    at async 
D:\System\CZ 2\node_mod
ules\next\dist\build\we
bpack\config\blocks\css
\index.js:124:36
    at async 
D:\System\CZ 2\node_mod
ules\next\dist\build\we
bpack\loaders\next-font
-loader\index.js:86:33
    at async 
Span.traceAsyncFn 
(D:\System\CZ 2\node_mo
dules\next\dist\trace\t
race.js:153:20)


> Build failed because 
of webpack errors
